# These packages are used to provide the Zope 3 distributions.
# This package map can be addressed as
#
#   svn://svn.zope.org/repos/main/ReleaseSupport/trunk/PackageMaps/zope3.map

# These packages are the Zope 3 components.
#
docutils       svn://svn.zope.org/repos/main/Zope3/tags/*/src/docutils
pytz           svn://svn.zope.org/repos/main/Zope3/tags/*/src/pytz
zodbcode       svn://svn.zope.org/repos/main/Zope3/tags/*/src/zodbcode
zope           svn://svn.zope.org/repos/main/Zope3/tags/*/src/zope
# Child packages of Zope are handled separately when constructing Zope
# distributions; this tells where to find all of them.
zope.*         svn://svn.zope.org/repos/main/Zope3/tags/*/src/zope/

# Related components for use with Zope 3:
buddydemo      svn://svn.zope.org/repos/main/Zope3/tags/*/src/buddydemo
z3checkins     svn://svn.zope.org/repos/main/Zope3/tags/*/src/z3checkins

# These packages are copied from the ZConfig, zdaemon, and ZODB projects:
#
BTrees          svn://svn.zope.org/repos/main/ZODB/tags/*/src/BTrees
persistent      svn://svn.zope.org/repos/main/ZODB/tags/*/src/persistent
transaction     svn://svn.zope.org/repos/main/ZODB/tags/*/src/transaction
ThreadedAsync   svn://svn.zope.org/repos/main/ZODB/tags/*/src/ThreadedAsync
ZEO             svn://svn.zope.org/repos/main/ZODB/tags/*/src/ZEO
ZODB            svn://svn.zope.org/repos/main/ZODB/tags/*/src/ZODB

RestrictedPython svn://svn.zope.org/repos/main/Zope3/tags/*/src/RestrictedPython
ZConfig        svn://svn.zope.org/repos/main/Zope3/tags/*/src/ZConfig
zdaemon        svn://svn.zope.org/repos/main/Zope3/tags/*/src/zdaemon


# These packages are the release collections based on the Zope 3
# project; they define what goes into the Zope X3 and related
# releases.
#
ZopeX3         svn://svn.zope.org/repos/main/Zope3/tags/*/releases/ZopeX3
ZopeInterface  svn://svn.zope.org/repos/main/Zope3/tags/*/releases/ZopeInterface
Workflow       svn://svn.zope.org/repos/main/Zope3/tags/*/releases/Workflow
ZPT            svn://svn.zope.org/repos/main/Zope3/tags/*/releases/ZPT
