# These packages are used to provide the Zope 3 distributions.
# This package map can be addressed as
#
#   svn://svn.zope.org/repos/main/ReleaseSupport/trunk/PackageMaps/zope3.map

# These packages are the Zope 3 components.
#
zodbcode              svn://svn.zope.org/repos/main/Zope3/tags/*/src/zodbcode
zope                  svn://svn.zope.org/repos/main/Zope3/tags/*/src/zope
zope.app              svn://svn.zope.org/repos/main/Zope3/tags/*/src/zope/app
zope.app.container    svn://svn.zope.org/repos/main/Zope3/tags/*/src/zope/app/container
zope.app.mail         svn://svn.zope.org/repos/main/Zope3/tags/*/src/zope/app/mail
zope.app.presentation svn://svn.zope.org/repos/main/Zope3/tags/*/src/zope/app/presentation
zope.app.server       svn://svn.zope.org/repos/main/Zope3/tags/*/src/zope/app/server
zope.app.sqlscript    svn://svn.zope.org/repos/main/Zope3/tags/*/src/zope/app/sqlscript
zope.cachedescriptors svn://svn.zope.org/repos/main/Zope3/tags/*/src/zope/cachedescriptors
zope.component        svn://svn.zope.org/repos/main/Zope3/tags/*/src/zope/component
zope.configuration    svn://svn.zope.org/repos/main/Zope3/tags/*/src/zope/configuration
zope.exceptions       svn://svn.zope.org/repos/main/Zope3/tags/*/src/zope/exceptions
zope.fssync           svn://svn.zope.org/repos/main/Zope3/tags/*/src/zope/fssync
zope.hookable         svn://svn.zope.org/repos/main/Zope3/tags/*/src/zope/hookable
zope.i18n             svn://svn.zope.org/repos/main/Zope3/tags/*/src/zope/i18n
zope.i18nmessageid    svn://svn.zope.org/repos/main/Zope3/tags/*/src/zope/i18nmessageid
zope.interface        svn://svn.zope.org/repos/main/Zope3/tags/*/src/zope/interface
zope.modulealias      svn://svn.zope.org/repos/main/Zope3/tags/*/src/zope/modulealias
zope.pagetemplate     svn://svn.zope.org/repos/main/Zope3/tags/*/src/zope/pagetemplate
zope.proxy            svn://svn.zope.org/repos/main/Zope3/tags/*/src/zope/proxy
zope.publisher        svn://svn.zope.org/repos/main/Zope3/tags/*/src/zope/publisher
zope.schema           svn://svn.zope.org/repos/main/Zope3/tags/*/src/zope/schema
zope.security         svn://svn.zope.org/repos/main/Zope3/tags/*/src/zope/security
zope.server           svn://svn.zope.org/repos/main/Zope3/tags/*/src/zope/server
zope.tal              svn://svn.zope.org/repos/main/Zope3/tags/*/src/zope/tal
zope.tales            svn://svn.zope.org/repos/main/Zope3/tags/*/src/zope/tales
zope.testing          svn://svn.zope.org/repos/main/Zope3/tags/*/src/zope/testing
zope.thread           svn://svn.zope.org/repos/main/Zope3/tags/*/src/zope/thread
zope.xmlpickle        svn://svn.zope.org/repos/main/Zope3/tags/*/src/zope/xmlpickle

zope.app.xmlrpc            svn://svn.zope.org/repos/main/Zope3/tags/*/src/zope/app/xmlrpc
zope.app.translation_files svn://svn.zope.org/repos/main/Zope3/tags/*/src/zope/app/translation
zope.app.tree              svn://svn.zope.org/repos/main/Zope3/tags/*/src/zope/app/tree
zope.app.dtmlpage          svn://svn.zope.org/repos/main/Zope3/tags/*/src/zope/app/dtmlpage
zope.app.debugskin         svn://svn.zope.org/repos/main/Zope3/tags/*/src/zope/app/debugskin
zope.app.ftp               svn://svn.zope.org/repos/main/Zope3/tags/*/src/zope/app/ftp
zope.app.externaleditor    svn://svn.zope.org/repos/main/Zope3/tags/*/src/zope/app/externaleditor
zope.app.apidoc            svn://svn.zope.org/repos/main/Zope3/tags/*/src/zope/app/apidoc
zope.app.generations       svn://svn.zope.org/repos/main/Zope3/tags/*/src/zope/app/generations
zope.documenttemplate      svn://svn.zope.org/repos/main/Zope3/tags/*/src/zope/app/zope
zope.app.sqlexpr           svn://svn.zope.org/repos/main/Zope3/tags/*/src/zope/app/sqlexpr
zope.app.file              svn://svn.zope.org/repos/main/Zope3/tags/*/src/zope/app/file
zope.app.zptpage           svn://svn.zope.org/repos/main/Zope3/tags/*/src/zope/app/zptpage
zope.app.securitypolicy    svn://svn.zope.org/repos/main/Zope3/tags/*/src/zope/app/securitypolicy
zope.app.dav               svn://svn.zope.org/repos/main/Zope3/tags/*/src/zope/app/dav
zope.app.session           svn://svn.zope.org/repos/main/Zope3/tags/*/src/zope/app/session
zope.app.undo              svn://svn.zope.org/repos/main/Zope3/tags/*/src/zope/app/undo
zope.app.cache             svn://svn.zope.org/repos/main/Zope3/tags/*/src/zope/app/cache
zope.app.onlinehelp        svn://svn.zope.org/repos/main/Zope3/tags/*/src/zope/app/onlinehelp
zope.app.introspector      svn://svn.zope.org/repos/main/Zope3/tags/*/src/zope/app/introspector
zope.app.i18nfile          svn://svn.zope.org/repos/main/Zope3/tags/*/src/zope/app/i18nfile
zope.app.rdb               svn://svn.zope.org/repos/main/Zope3/tags/*/src/zope/app/rdb



# These packages are copied from the ZConfig, zdaemon, and ZODB projects:
#
BTrees                svn://svn.zope.org/repos/main/Zope3/tags/*/src/BTrees
persistent            svn://svn.zope.org/repos/main/Zope3/tags/*/src/persistent
ThreadedAsync         svn://svn.zope.org/repos/main/Zope3/tags/*/src/ThreadedAsync
transaction           svn://svn.zope.org/repos/main/Zope3/tags/*/src/transaction
ZConfig               svn://svn.zope.org/repos/main/Zope3/tags/*/src/ZConfig
zdaemon               svn://svn.zope.org/repos/main/Zope3/tags/*/src/zdaemon
ZEO                   svn://svn.zope.org/repos/main/Zope3/tags/*/src/ZEO
ZODB                  svn://svn.zope.org/repos/main/Zope3/tags/*/src/ZODB
